// Jest Snapshot v1, https://goo.gl/fbAQLP

exports[`<ListItem /> renders correctly 1`] = `
<View
  style={
    {
      "backgroundColor": "#fff",
      "borderBottomLeftRadius": 10,
      "borderBottomRightRadius": 10,
      "borderTopLeftRadius": 10,
      "borderTopRightRadius": 10,
      "marginBottom": 5,
      "marginLeft": 5,
      "marginRight": 5,
      "marginTop": 5,
      "paddingBottom": 16,
      "paddingLeft": 16,
      "paddingRight": 16,
      "paddingTop": 16,
    }
  }
>
  <Text
    style={
      {
        "fontSize": 18,
        "fontWeight": "600",
      }
    }
  >
    Name
  </Text>
  <View
    style={
      {
        "columnGap": 5,
        "flexDirection": "row",
        "flexWrap": "wrap",
      }
    }
  >
    <Text>
      Detail
    </Text>
  </View>
</View>
`;
