// Jest Snapshot v1, https://goo.gl/fbAQLP

exports[`<Loading /> renders correctly 1`] = `
<View
  style={
    {
      "alignItems": "center",
      "backgroundColor": "#000",
      "flexBasis": 0,
      "flexGrow": 1,
      "flexShrink": 1,
      "justifyContent": "center",
    }
  }
>
  <ActivityIndicator
    size={60}
  />
</View>
`;
