// Jest Snapshot v1, https://goo.gl/fbAQLP

exports[`<ListFooterLoading /> renders correctly 1`] = `
<View
  style={
    {
      "alignItems": "center",
      "backgroundColor": "#000",
      "height": 40,
      "justifyContent": "center",
      "width": "100%",
    }
  }
>
  <ActivityIndicator />
</View>
`;
